2026-06-15T13:02:03Z INF Thank you for trying Cloudflare Tunnel. Doing so, without a Cloudflare account, is a quick way to experiment and try it out. However, be aware that these account-less Tunnels have no uptime guarantee, are subject to the Cloudflare Online Services Terms of Use (https://www.cloudflare.com/website-terms/), and Cloudflare reserves the right to investigate your use of Tunnels for violations of such terms. If you intend to use Tunnels in production you should use a pre-created named tunnel by following: https://developers.cloudflare.com/cloudflare-one/connections/connect-apps
2026-06-15T13:02:03Z INF Requesting new quick Tunnel on trycloudflare.com...
2026-06-15T13:02:06Z INF +--------------------------------------------------------------------------------------------+
2026-06-15T13:02:06Z INF |  Your quick Tunnel has been created! Visit it at (it may take some time to be reachable):  |
2026-06-15T13:02:06Z INF |  https://mon-completed-some-tons.trycloudflare.com                                         |
2026-06-15T13:02:06Z INF +--------------------------------------------------------------------------------------------+
2026-06-15T13:02:06Z INF Cannot determine default configuration path. No file [config.yml config.yaml] in [~/.cloudflared ~/.cloudflare-warp ~/cloudflare-warp]
2026-06-15T13:02:06Z INF Version 2026.5.1 (Checksum 8b97b5af442651e07c52caa9c79c6f60032bc10b675c2b36dd11c7690d9942e3)
2026-06-15T13:02:06Z INF GOOS: windows, GOVersion: go1.26.3, GoArch: amd64
2026-06-15T13:02:06Z INF Settings: map[ha-connections:1 protocol:quic url:http://localhost:8000]
2026-06-15T13:02:06Z INF cloudflared will not automatically update on Windows systems.
2026-06-15T13:02:06Z INF Generated Connector ID: d8331ea3-cc6d-4edd-a9f2-3fedbabac489
2026-06-15T13:02:06Z INF Initial protocol quic
2026-06-15T13:02:06Z INF ICMP proxy will use 192.168.1.204 as source for IPv4
2026-06-15T13:02:06Z INF ICMP proxy will use fe80::eaff:5823:6217:7c8b in zone WiFi as source for IPv6
2026-06-15T13:02:06Z INF cloudflared does not support loading the system root certificate pool on Windows. Please use --origin-ca-pool <PATH> to specify the path to the certificate pool
2026-06-15T13:02:06Z INF ICMP proxy will use 192.168.1.204 as source for IPv4
2026-06-15T13:02:06Z INF Tunnel connection curve preferences: [X25519MLKEM768 CurveID(65074) CurveP256] connIndex=0 event=0 ip=198.41.200.63
2026-06-15T13:02:06Z INF ICMP proxy will use fe80::eaff:5823:6217:7c8b in zone WiFi as source for IPv6
2026-06-15T13:02:06Z INF Starting metrics server on 127.0.0.1:20241/metrics
2026-06-15T13:02:06Z INF precheck component="DNS Resolution" details="DNS Resolved successfully" run_id=b36b0480-c88d-4ab4-b19a-ee21a891e12c status=pass target=region1.v2.argotunnel.com
2026-06-15T13:02:06Z INF precheck component="DNS Resolution" details="DNS Resolved successfully" run_id=b36b0480-c88d-4ab4-b19a-ee21a891e12c status=pass target=region2.v2.argotunnel.com
2026-06-15T13:02:06Z INF precheck component="UDP Connectivity" details="QUIC connection successful" run_id=b36b0480-c88d-4ab4-b19a-ee21a891e12c status=pass target=region1.v2.argotunnel.com
2026-06-15T13:02:06Z INF precheck component="UDP Connectivity" details="QUIC connection successful" run_id=b36b0480-c88d-4ab4-b19a-ee21a891e12c status=pass target=region2.v2.argotunnel.com
2026-06-15T13:02:06Z INF precheck component="TCP Connectivity" details="HTTP/2 connection successful" run_id=b36b0480-c88d-4ab4-b19a-ee21a891e12c status=pass target=region1.v2.argotunnel.com
2026-06-15T13:02:06Z INF precheck component="TCP Connectivity" details="HTTP/2 connection successful" run_id=b36b0480-c88d-4ab4-b19a-ee21a891e12c status=pass target=region2.v2.argotunnel.com
2026-06-15T13:02:06Z INF precheck component="Cloudflare API" details="API is reachable" run_id=b36b0480-c88d-4ab4-b19a-ee21a891e12c status=pass target=api.cloudflare.com:443
2026-06-15T13:02:06Z INF precheck complete hard_fail=false run_id=b36b0480-c88d-4ab4-b19a-ee21a891e12c suggested_protocol=quic
2026-06-15T13:02:06Z INF Registered tunnel connection connIndex=0 connection=a138b4a3-b8a5-4495-a63f-860524146bef event=0 ip=198.41.200.63 location=adl01 protocol=quic
2026-06-15T13:23:59Z ERR  error="Unable to reach the origin service. The service may be down or it may not be responding to traffic from cloudflared: dial tcp [::1]:8000: connectex: No connection could be made because the target machine actively refused it." connIndex=0 event=1 ingressRule=0 originService=http://localhost:8000
2026-06-15T13:23:59Z ERR Request failed error="Unable to reach the origin service. The service may be down or it may not be responding to traffic from cloudflared: dial tcp [::1]:8000: connectex: No connection could be made because the target machine actively refused it." connIndex=0 dest=https://mon-completed-some-tons.trycloudflare.com/stats event=0 ip=198.41.200.63 type=http
2026-06-15T13:42:11Z ERR Failed to refresh DNS local resolver error="lookup region1.v2.argotunnel.com: i/o timeout"
2026-06-15T13:47:16Z ERR Failed to refresh DNS local resolver error="lookup region1.v2.argotunnel.com: i/o timeout"
2026-06-15T13:57:21Z ERR Failed to refresh DNS local resolver error="lookup region1.v2.argotunnel.com: i/o timeout"
