2026-06-15T13:01:25Z INF Thank you for trying Cloudflare Tunnel. Doing so, without a Cloudflare account, is a quick way to experiment and try it out. However, be aware that these account-less Tunnels have no uptime guarantee, are subject to the Cloudflare Online Services Terms of Use (https://www.cloudflare.com/website-terms/), and Cloudflare reserves the right to investigate your use of Tunnels for violations of such terms. If you intend to use Tunnels in production you should use a pre-created named tunnel by following: https://developers.cloudflare.com/cloudflare-one/connections/connect-apps
2026-06-15T13:01:25Z INF Requesting new quick Tunnel on trycloudflare.com...
2026-06-15T13:01:29Z INF +--------------------------------------------------------------------------------------------+
2026-06-15T13:01:29Z INF |  Your quick Tunnel has been created! Visit it at (it may take some time to be reachable):  |
2026-06-15T13:01:29Z INF |  https://runner-defendant-slides-jimmy.trycloudflare.com                                   |
2026-06-15T13:01:29Z INF +--------------------------------------------------------------------------------------------+
2026-06-15T13:01:29Z INF Cannot determine default configuration path. No file [config.yml config.yaml] in [~/.cloudflared ~/.cloudflare-warp ~/cloudflare-warp]
2026-06-15T13:01:29Z INF Version 2026.5.1 (Checksum 8b97b5af442651e07c52caa9c79c6f60032bc10b675c2b36dd11c7690d9942e3)
2026-06-15T13:01:29Z INF GOOS: windows, GOVersion: go1.26.3, GoArch: amd64
2026-06-15T13:01:29Z INF Settings: map[ha-connections:1 protocol:quic url:http://localhost:8000]
2026-06-15T13:01:29Z INF cloudflared will not automatically update on Windows systems.
2026-06-15T13:01:29Z INF Generated Connector ID: f89e415c-be19-4e9f-81ad-7e49d3344457
2026-06-15T13:01:29Z INF Initial protocol quic
2026-06-15T13:01:29Z INF ICMP proxy will use 192.168.1.204 as source for IPv4
2026-06-15T13:01:29Z INF ICMP proxy will use fe80::eaff:5823:6217:7c8b in zone WiFi as source for IPv6
2026-06-15T13:01:29Z INF cloudflared does not support loading the system root certificate pool on Windows. Please use --origin-ca-pool <PATH> to specify the path to the certificate pool
2026-06-15T13:01:29Z INF ICMP proxy will use 192.168.1.204 as source for IPv4
2026-06-15T13:01:29Z INF Tunnel connection curve preferences: [X25519MLKEM768 CurveID(65074) CurveP256] connIndex=0 event=0 ip=198.41.200.193
2026-06-15T13:01:29Z INF ICMP proxy will use fe80::eaff:5823:6217:7c8b in zone WiFi as source for IPv6
2026-06-15T13:01:29Z INF Starting metrics server on 127.0.0.1:20241/metrics
--- CONNECTIVITY PRE-CHECKS ----------------------------------------------------
COMPONENT         TARGET                     STATUS  DETAILS
DNS Resolution    region1.v2.argotunnel.com  PASS    DNS Resolved successfully
DNS Resolution    region2.v2.argotunnel.com  PASS    DNS Resolved successfully
UDP Connectivity  region1.v2.argotunnel.com  PASS    QUIC connection successful
UDP Connectivity  region2.v2.argotunnel.com  PASS    QUIC connection successful
TCP Connectivity  region1.v2.argotunnel.com  PASS    HTTP/2 connection successful
TCP Connectivity  region2.v2.argotunnel.com  PASS    HTTP/2 connection successful
Cloudflare API    api.cloudflare.com:443     PASS    API is reachable

SUMMARY: Environment is healthy. cloudflared will use 'quic' as primary protocol.
--------------------------------------------------------------------------------

2026-06-15T13:01:29Z INF precheck component="DNS Resolution" details="DNS Resolved successfully" run_id=65c13ae4-d92e-4160-81d8-a9c945179c50 status=pass target=region1.v2.argotunnel.com
2026-06-15T13:01:29Z INF precheck component="DNS Resolution" details="DNS Resolved successfully" run_id=65c13ae4-d92e-4160-81d8-a9c945179c50 status=pass target=region2.v2.argotunnel.com
2026-06-15T13:01:29Z INF precheck component="UDP Connectivity" details="QUIC connection successful" run_id=65c13ae4-d92e-4160-81d8-a9c945179c50 status=pass target=region1.v2.argotunnel.com
2026-06-15T13:01:29Z INF precheck component="UDP Connectivity" details="QUIC connection successful" run_id=65c13ae4-d92e-4160-81d8-a9c945179c50 status=pass target=region2.v2.argotunnel.com
2026-06-15T13:01:29Z INF precheck component="TCP Connectivity" details="HTTP/2 connection successful" run_id=65c13ae4-d92e-4160-81d8-a9c945179c50 status=pass target=region1.v2.argotunnel.com
2026-06-15T13:01:29Z INF precheck component="TCP Connectivity" details="HTTP/2 connection successful" run_id=65c13ae4-d92e-4160-81d8-a9c945179c50 status=pass target=region2.v2.argotunnel.com
2026-06-15T13:01:29Z INF precheck component="Cloudflare API" details="API is reachable" run_id=65c13ae4-d92e-4160-81d8-a9c945179c50 status=pass target=api.cloudflare.com:443
2026-06-15T13:01:29Z INF precheck complete hard_fail=false run_id=65c13ae4-d92e-4160-81d8-a9c945179c50 suggested_protocol=quic
2026-06-15T13:01:29Z INF Registered tunnel connection connIndex=0 connection=3994c84c-ccb3-4b87-bee5-bdeb46b2af2c event=0 ip=198.41.200.193 location=adl01 protocol=quic
2026-06-15T13:01:34Z ERR Failed to initialize DNS local resolver error="lookup region1.v2.argotunnel.com: i/o timeout"
